[dotenv@17.3.1] injecting env (2) from .env.local -- tip: ΓÜÖ∩╕Å  load multiple .env files with { path: ['.env.local', '.env'] }
Testing ID: 'fm2026001@fishtory.com' -> mapped email: 'fm2026001@fishtory.com'
Login success! User ID: ec47229b-9db5-4ee1-a622-8f34ffa235e4
Testing ID: 'FM-2026-001' -> mapped email: 'fm2026001@fishtory.com'
Login success! User ID: ec47229b-9db5-4ee1-a622-8f34ffa235e4
Testing ID: 'FM-2026-0001' -> mapped email: 'fm20260001@fishtory.com'
Done.
